../Core/Src/main.c:165:6:RxTx_I2C	24	static
../Core/Src/main.c:175:6:CalibrateSensor	16	static
../Core/Src/main.c:235:5:main	8	static
../Core/Src/main.c:292:6:SystemClock_Config	88	static
../Core/Src/main.c:339:13:MX_I2C1_Init	8	static
../Core/Src/main.c:373:13:MX_TIM6_Init	16	static
../Core/Src/main.c:411:13:MX_TIM7_Init	16	static
../Core/Src/main.c:449:13:MX_USART2_UART_Init	8	static
../Core/Src/main.c:482:13:MX_USART3_UART_Init	8	static
../Core/Src/main.c:515:13:MX_USB_OTG_FS_PCD_Init	8	static
../Core/Src/main.c:551:13:MX_GPIO_Init	56	static
../Core/Src/main.c:602:1:HAL_TIM_PeriodElapsedCallback	16	static
../Core/Src/main.c:638:6:Error_Handler	4	static,ignoring_inline_asm
