../Core/Src/main.c:109:6:reloadNumber	16	static
../Core/Src/main.c:146:5:main	8	static
../Core/Src/main.c:200:6:SystemClock_Config	88	static
../Core/Src/main.c:247:13:MX_SPI1_Init	8	static
../Core/Src/main.c:285:13:MX_TIM6_Init	16	static
../Core/Src/main.c:323:13:MX_TIM7_Init	16	static
../Core/Src/main.c:361:13:MX_USART2_UART_Init	8	static
../Core/Src/main.c:394:13:MX_USART3_UART_Init	8	static
../Core/Src/main.c:427:13:MX_USB_OTG_FS_PCD_Init	8	static
../Core/Src/main.c:461:13:MX_DMA_Init	16	static
../Core/Src/main.c:479:13:MX_GPIO_Init	56	static
../Core/Src/main.c:560:6:HAL_GPIO_EXTI_Callback	16	static
../Core/Src/main.c:591:6:HAL_TIM_PeriodElapsedCallback	16	static
../Core/Src/main.c:612:6:HAL_SPI_TxCpltCallback	16	static
../Core/Src/main.c:625:6:Error_Handler	4	static,ignoring_inline_asm
